============================= test session starts =============================
platform win32 -- Python 3.10.0, pytest-7.4.3, pluggy-1.6.0 -- C:\Users\megha\Desktop\Anti-tryon\venv\Scripts\python.exe
cachedir: .pytest_cache
hypothesis profile 'default' -> database=DirectoryBasedExampleDatabase(WindowsPath('C:/Users/megha/Desktop/Anti-tryon/.hypothesis/examples'))
rootdir: C:\Users\megha\Desktop\Anti-tryon
configfile: pytest.ini
plugins: hypothesis-6.92.1
collecting ... collected 18 items

tests/test_garment_normalizer.py::TestOutputDimensions::test_output_is_512x512 FAILED [  5%]
tests/test_garment_normalizer.py::TestOutputDimensions::test_custom_canvas_size FAILED [ 11%]
tests/test_garment_normalizer.py::TestMaskBinary::test_mask_is_binary FAILED [ 16%]
tests/test_garment_normalizer.py::TestMaskBinary::test_mask_has_foreground FAILED [ 22%]
tests/test_garment_normalizer.py::TestCentroidAlignment::test_centroid_near_center FAILED [ 27%]
tests/test_garment_normalizer.py::TestTransparentBackground::test_output_has_alpha_channel FAILED [ 33%]
tests/test_garment_normalizer.py::TestTransparentBackground::test_background_is_transparent FAILED [ 38%]
tests/test_garment_normalizer.py::TestMaskQuality::test_mask_quality_valid FAILED [ 44%]
tests/test_garment_normalizer.py::TestMaskQuality::test_mask_quality_reports_area FAILED [ 50%]
tests/test_garment_normalizer.py::TestMaskQuality::test_mask_quality_single_component FAILED [ 55%]
tests/test_garment_normalizer.py::TestMaskQuality::test_no_internal_holes FAILED [ 61%]
tests/test_garment_normalizer.py::TestFileSaving::test_normalize_and_save_creates_files FAILED [ 66%]
tests/test_garment_normalizer.py::TestFileSaving::test_saved_garment_is_512x512 FAILED [ 72%]
tests/test_garment_normalizer.py::TestFileSaving::test_metadata_contains_normalization_info FAILED [ 77%]
tests/test_garment_normalizer.py::TestScaleTracking::test_scale_to_canvas_is_recorded FAILED [ 83%]
tests/test_garment_normalizer.py::TestScaleTracking::test_original_size_is_recorded FAILED [ 88%]
tests/test_garment_normalizer.py::TestEdgeCases::test_empty_image_fails_gracefully FAILED [ 94%]
tests/test_garment_normalizer.py::TestEdgeCases::test_tiny_image FAILED  [100%]

================================== FAILURES ===================================
_________________ TestOutputDimensions.test_output_is_512x512 _________________

self = <tests.test_garment_normalizer.TestOutputDimensions object at 0x000002E5F628A5C0>
normalizer = <ml_ai.core.garment_normalizer.GarmentNormalizer object at 0x000002E5F62B4940>
synthetic_garment_rgba = array([[[0, 0, 0, 0],
        [0, 0, 0, 0],
        [0, 0, 0, 0],
        ...,
        [0, 0, 0, 0],
        [0, 0, 0,... 0],
        ...,
        [0, 0, 0, 0],
        [0, 0, 0, 0],
        [0, 0, 0, 0]]], shape=(600, 400, 4), dtype=uint8)

    def test_output_is_512x512(self, normalizer, synthetic_garment_rgba):
        """Verify output canvas is exactly 512╫512."""
>       result = normalizer.normalize(synthetic_garment_rgba)

tests\test_garment_normalizer.py:81: 
_ _ _ _ _ _ _ _ _ _ _ _ _ _ _ _ _ _ _ _ _ _ _ _ _ _ _ _ _ _ _ _ _ _ _ _ _ _ _ _

self = <ml_ai.core.garment_normalizer.GarmentNormalizer object at 0x000002E5F62B4940>
image = array([[[0, 0, 0, 0],
        [0, 0, 0, 0],
        [0, 0, 0, 0],
        ...,
        [0, 0, 0, 0],
        [0, 0, 0,... 0],
        ...,
        [0, 0, 0, 0],
        [0, 0, 0, 0],
        [0, 0, 0, 0]]], shape=(600, 400, 4), dtype=uint8)

    def normalize(self, image: np.ndarray) -> NormalizationResult:
        """
        Run the full normalization pipeline on a garment image.
    
        Args:
            image: BGR or BGRA garment image (numpy array)
    
        Returns:
            NormalizationResult with all outputs and metadata
        """
        warnings: List[str] = []
        orig_h, orig_w = image.shape[:2]
    
        # \u2500\u2500 Step 1: Background removal \u2500\u2500\u2500\u2500\u2500\u2500\u2500\u2500\u2500\u2500\u2500\u2500\u2500\u2500\u2500\u2500\u2500\u2500\u2500\u2500\u2500\u2500\u2500\u2500\u2500\u2500\u2500\u2500\u2500\u2500\u2500\u2500
        try:
            rgba = self._remove_background(image)
        except Exception as e:
            return NormalizationResult(
                garment_image=np.zeros((self.canvas_size, self.canvas_size, 4), dtype=np.uint8),
                garment_mask=np.zeros((self.canvas_size, self.canvas_size), dtype=np.uint8),
                original_size=(orig_h, orig_w),
                bbox=(0, 0, 0, 0),
                centroid=(0, 0),
                scale_to_canvas=0.0,
                mask_quality=MaskQuality(0, 0, False),
                success=False,
                error=f"Background removal failed: {e}",
            )
    
        # \u2500\u2500 Step 2: Clean the mask \u2500\u2500\u2500\u2500\u2500\u2500\u2500\u2500\u2500\u2500\u2500\u2500\u2500\u2500\u2500\u2500\u2500\u2500\u2500\u2500\u2500\u2500\u2500\u2500\u2500\u2500\u2500\u2500\u2500\u2500\u2500\u2500\u2500\u2500\u2500\u2500
        raw_mask = rgba[:, :, 3]
        clean_mask = self._clean_mask(raw_mask)
    
        # Apply cleaned mask back to RGBA
>       rgba[:, :, 3] = clean_mask
E       ValueError: assignment destination is read-only

ml_ai\core\garment_normalizer.py:124: ValueError
________________ TestOutputDimensions.test_custom_canvas_size _________________

self = <tests.test_garment_normalizer.TestOutputDimensions object at 0x000002E5F628A320>
synthetic_garment_rgba = array([[[0, 0, 0, 0],
        [0, 0, 0, 0],
        [0, 0, 0, 0],
        ...,
        [0, 0, 0, 0],
        [0, 0, 0,... 0],
        ...,
        [0, 0, 0, 0],
        [0, 0, 0, 0],
        [0, 0, 0, 0]]], shape=(600, 400, 4), dtype=uint8)

    def test_custom_canvas_size(self, synthetic_garment_rgba):
        """Verify custom canvas size works."""
        normalizer = GarmentNormalizer(canvas_size=256)
>       result = normalizer.normalize(synthetic_garment_rgba)

tests\test_garment_normalizer.py:89: 
_ _ _ _ _ _ _ _ _ _ _ _ _ _ _ _ _ _ _ _ _ _ _ _ _ _ _ _ _ _ _ _ _ _ _ _ _ _ _ _

self = <ml_ai.core.garment_normalizer.GarmentNormalizer object at 0x000002E5894F1FF0>
image = array([[[0, 0, 0, 0],
        [0, 0, 0, 0],
        [0, 0, 0, 0],
        ...,
        [0, 0, 0, 0],
        [0, 0, 0,... 0],
        ...,
        [0, 0, 0, 0],
        [0, 0, 0, 0],
        [0, 0, 0, 0]]], shape=(600, 400, 4), dtype=uint8)

    def normalize(self, image: np.ndarray) -> NormalizationResult:
        """
        Run the full normalization pipeline on a garment image.
    
        Args:
            image: BGR or BGRA garment image (numpy array)
    
        Returns:
            NormalizationResult with all outputs and metadata
        """
        warnings: List[str] = []
        orig_h, orig_w = image.shape[:2]
    
        # \u2500\u2500 Step 1: Background removal \u2500\u2500\u2500\u2500\u2500\u2500\u2500\u2500\u2500\u2500\u2500\u2500\u2500\u2500\u2500\u2500\u2500\u2500\u2500\u2500\u2500\u2500\u2500\u2500\u2500\u2500\u2500\u2500\u2500\u2500\u2500\u2500
        try:
            rgba = self._remove_background(image)
        except Exception as e:
            return NormalizationResult(
                garment_image=np.zeros((self.canvas_size, self.canvas_size, 4), dtype=np.uint8),
                garment_mask=np.zeros((self.canvas_size, self.canvas_size), dtype=np.uint8),
                original_size=(orig_h, orig_w),
                bbox=(0, 0, 0, 0),
                centroid=(0, 0),
                scale_to_canvas=0.0,
                mask_quality=MaskQuality(0, 0, False),
                success=False,
                error=f"Background removal failed: {e}",
            )
    
        # \u2500\u2500 Step 2: Clean the mask \u2500\u2500\u2500\u2500\u2500\u2500\u2500\u2500\u2500\u2500\u2500\u2500\u2500\u2500\u2500\u2500\u2500\u2500\u2500\u2500\u2500\u2500\u2500\u2500\u2500\u2500\u2500\u2500\u2500\u2500\u2500\u2500\u2500\u2500\u2500\u2500
        raw_mask = rgba[:, :, 3]
        clean_mask = self._clean_mask(raw_mask)
    
        # Apply cleaned mask back to RGBA
>       rgba[:, :, 3] = clean_mask
E       ValueError: assignment destination is read-only

ml_ai\core\garment_normalizer.py:124: ValueError
_____________________ TestMaskBinary.test_mask_is_binary ______________________

self = <tests.test_garment_normalizer.TestMaskBinary object at 0x000002E5F628ACB0>
normalizer = <ml_ai.core.garment_normalizer.GarmentNormalizer object at 0x000002E5894F2E30>
synthetic_garment_rgba = array([[[0, 0, 0, 0],
        [0, 0, 0, 0],
        [0, 0, 0, 0],
        ...,
        [0, 0, 0, 0],
        [0, 0, 0,... 0],
        ...,
        [0, 0, 0, 0],
        [0, 0, 0, 0],
        [0, 0, 0, 0]]], shape=(600, 400, 4), dtype=uint8)

    def test_mask_is_binary(self, normalizer, synthetic_garment_rgba):
        """Verify mask contains only 0 and 255 values."""
>       result = normalizer.normalize(synthetic_garment_rgba)

tests\test_garment_normalizer.py:102: 
_ _ _ _ _ _ _ _ _ _ _ _ _ _ _ _ _ _ _ _ _ _ _ _ _ _ _ _ _ _ _ _ _ _ _ _ _ _ _ _

self = <ml_ai.core.garment_normalizer.GarmentNormalizer object at 0x000002E5894F2E30>
image = array([[[0, 0, 0, 0],
        [0, 0, 0, 0],
        [0, 0, 0, 0],
        ...,
        [0, 0, 0, 0],
        [0, 0, 0,... 0],
        ...,
        [0, 0, 0, 0],
        [0, 0, 0, 0],
        [0, 0, 0, 0]]], shape=(600, 400, 4), dtype=uint8)

    def normalize(self, image: np.ndarray) -> NormalizationResult:
        """
        Run the full normalization pipeline on a garment image.
    
        Args:
            image: BGR or BGRA garment image (numpy array)
    
        Returns:
            NormalizationResult with all outputs and metadata
        """
        warnings: List[str] = []
        orig_h, orig_w = image.shape[:2]
    
        # \u2500\u2500 Step 1: Background removal \u2500\u2500\u2500\u2500\u2500\u2500\u2500\u2500\u2500\u2500\u2500\u2500\u2500\u2500\u2500\u2500\u2500\u2500\u2500\u2500\u2500\u2500\u2500\u2500\u2500\u2500\u2500\u2500\u2500\u2500\u2500\u2500
        try:
            rgba = self._remove_background(image)
        except Exception as e:
            return NormalizationResult(
                garment_image=np.zeros((self.canvas_size, self.canvas_size, 4), dtype=np.uint8),
                garment_mask=np.zeros((self.canvas_size, self.canvas_size), dtype=np.uint8),
                original_size=(orig_h, orig_w),
                bbox=(0, 0, 0, 0),
                centroid=(0, 0),
                scale_to_canvas=0.0,
                mask_quality=MaskQuality(0, 0, False),
                success=False,
                error=f"Background removal failed: {e}",
            )
    
        # \u2500\u2500 Step 2: Clean the mask \u2500\u2500\u2500\u2500\u2500\u2500\u2500\u2500\u2500\u2500\u2500\u2500\u2500\u2500\u2500\u2500\u2500\u2500\u2500\u2500\u2500\u2500\u2500\u2500\u2500\u2500\u2500\u2500\u2500\u2500\u2500\u2500\u2500\u2500\u2500\u2500
        raw_mask = rgba[:, :, 3]
        clean_mask = self._clean_mask(raw_mask)
    
        # Apply cleaned mask back to RGBA
>       rgba[:, :, 3] = clean_mask
E       ValueError: assignment destination is read-only

ml_ai\core\garment_normalizer.py:124: ValueError
___________________ TestMaskBinary.test_mask_has_foreground ___________________

self = <tests.test_garment_normalizer.TestMaskBinary object at 0x000002E5F628B4C0>
normalizer = <ml_ai.core.garment_normalizer.GarmentNormalizer object at 0x000002E5894F21D0>
synthetic_garment_rgba = array([[[0, 0, 0, 0],
        [0, 0, 0, 0],
        [0, 0, 0, 0],
        ...,
        [0, 0, 0, 0],
        [0, 0, 0,... 0],
        ...,
        [0, 0, 0, 0],
        [0, 0, 0, 0],
        [0, 0, 0, 0]]], shape=(600, 400, 4), dtype=uint8)

    def test_mask_has_foreground(self, normalizer, synthetic_garment_rgba):
        """Verify mask is not all-black (has some foreground)."""
>       result = normalizer.normalize(synthetic_garment_rgba)

tests\test_garment_normalizer.py:111: 
_ _ _ _ _ _ _ _ _ _ _ _ _ _ _ _ _ _ _ _ _ _ _ _ _ _ _ _ _ _ _ _ _ _ _ _ _ _ _ _

self = <ml_ai.core.garment_normalizer.GarmentNormalizer object at 0x000002E5894F21D0>
image = array([[[0, 0, 0, 0],
        [0, 0, 0, 0],
        [0, 0, 0, 0],
        ...,
        [0, 0, 0, 0],
        [0, 0, 0,... 0],
        ...,
        [0, 0, 0, 0],
        [0, 0, 0, 0],
        [0, 0, 0, 0]]], shape=(600, 400, 4), dtype=uint8)

    def normalize(self, image: np.ndarray) -> NormalizationResult:
        """
        Run the full normalization pipeline on a garment image.
    
        Args:
            image: BGR or BGRA garment image (numpy array)
    
        Returns:
            NormalizationResult with all outputs and metadata
        """
        warnings: List[str] = []
        orig_h, orig_w = image.shape[:2]
    
        # \u2500\u2500 Step 1: Background removal \u2500\u2500\u2500\u2500\u2500\u2500\u2500\u2500\u2500\u2500\u2500\u2500\u2500\u2500\u2500\u2500\u2500\u2500\u2500\u2500\u2500\u2500\u2500\u2500\u2500\u2500\u2500\u2500\u2500\u2500\u2500\u2500
        try:
            rgba = self._remove_background(image)
        except Exception as e:
            return NormalizationResult(
                garment_image=np.zeros((self.canvas_size, self.canvas_size, 4), dtype=np.uint8),
                garment_mask=np.zeros((self.canvas_size, self.canvas_size), dtype=np.uint8),
                original_size=(orig_h, orig_w),
                bbox=(0, 0, 0, 0),
                centroid=(0, 0),
                scale_to_canvas=0.0,
                mask_quality=MaskQuality(0, 0, False),
                success=False,
                error=f"Background removal failed: {e}",
            )
    
        # \u2500\u2500 Step 2: Clean the mask \u2500\u2500\u2500\u2500\u2500\u2500\u2500\u2500\u2500\u2500\u2500\u2500\u2500\u2500\u2500\u2500\u2500\u2500\u2500\u2500\u2500\u2500\u2500\u2500\u2500\u2500\u2500\u2500\u2500\u2500\u2500\u2500\u2500\u2500\u2500\u2500
        raw_mask = rgba[:, :, 3]
        clean_mask = self._clean_mask(raw_mask)
    
        # Apply cleaned mask back to RGBA
>       rgba[:, :, 3] = clean_mask
E       ValueError: assignment destination is read-only

ml_ai\core\garment_normalizer.py:124: ValueError
_______________ TestCentroidAlignment.test_centroid_near_center _______________

self = <tests.test_garment_normalizer.TestCentroidAlignment object at 0x000002E5F628A650>
normalizer = <ml_ai.core.garment_normalizer.GarmentNormalizer object at 0x000002E589684BE0>
synthetic_garment_rgba = array([[[0, 0, 0, 0],
        [0, 0, 0, 0],
        [0, 0, 0, 0],
        ...,
        [0, 0, 0, 0],
        [0, 0, 0,... 0],
        ...,
        [0, 0, 0, 0],
        [0, 0, 0, 0],
        [0, 0, 0, 0]]], shape=(600, 400, 4), dtype=uint8)

    def test_centroid_near_center(self, normalizer, synthetic_garment_rgba):
        """Verify garment centroid is near canvas center."""
>       result = normalizer.normalize(synthetic_garment_rgba)

tests\test_garment_normalizer.py:123: 
_ _ _ _ _ _ _ _ _ _ _ _ _ _ _ _ _ _ _ _ _ _ _ _ _ _ _ _ _ _ _ _ _ _ _ _ _ _ _ _

self = <ml_ai.core.garment_normalizer.GarmentNormalizer object at 0x000002E589684BE0>
image = array([[[0, 0, 0, 0],
        [0, 0, 0, 0],
        [0, 0, 0, 0],
        ...,
        [0, 0, 0, 0],
        [0, 0, 0,... 0],
        ...,
        [0, 0, 0, 0],
        [0, 0, 0, 0],
        [0, 0, 0, 0]]], shape=(600, 400, 4), dtype=uint8)

    def normalize(self, image: np.ndarray) -> NormalizationResult:
        """
        Run the full normalization pipeline on a garment image.
    
        Args:
            image: BGR or BGRA garment image (numpy array)
    
        Returns:
            NormalizationResult with all outputs and metadata
        """
        warnings: List[str] = []
        orig_h, orig_w = image.shape[:2]
    
        # \u2500\u2500 Step 1: Background removal \u2500\u2500\u2500\u2500\u2500\u2500\u2500\u2500\u2500\u2500\u2500\u2500\u2500\u2500\u2500\u2500\u2500\u2500\u2500\u2500\u2500\u2500\u2500\u2500\u2500\u2500\u2500\u2500\u2500\u2500\u2500\u2500
        try:
            rgba = self._remove_background(image)
        except Exception as e:
            return NormalizationResult(
                garment_image=np.zeros((self.canvas_size, self.canvas_size, 4), dtype=np.uint8),
                garment_mask=np.zeros((self.canvas_size, self.canvas_size), dtype=np.uint8),
                original_size=(orig_h, orig_w),
                bbox=(0, 0, 0, 0),
                centroid=(0, 0),
                scale_to_canvas=0.0,
                mask_quality=MaskQuality(0, 0, False),
                success=False,
                error=f"Background removal failed: {e}",
            )
    
        # \u2500\u2500 Step 2: Clean the mask \u2500\u2500\u2500\u2500\u2500\u2500\u2500\u2500\u2500\u2500\u2500\u2500\u2500\u2500\u2500\u2500\u2500\u2500\u2500\u2500\u2500\u2500\u2500\u2500\u2500\u2500\u2500\u2500\u2500\u2500\u2500\u2500\u2500\u2500\u2500\u2500
        raw_mask = rgba[:, :, 3]
        clean_mask = self._clean_mask(raw_mask)
    
        # Apply cleaned mask back to RGBA
>       rgba[:, :, 3] = clean_mask
E       ValueError: assignment destination is read-only

ml_ai\core\garment_normalizer.py:124: ValueError
___________ TestTransparentBackground.test_output_has_alpha_channel ___________

self = <tests.test_garment_normalizer.TestTransparentBackground object at 0x000002E5F628AD40>
normalizer = <ml_ai.core.garment_normalizer.GarmentNormalizer object at 0x000002E589678220>
synthetic_garment_rgba = array([[[0, 0, 0, 0],
        [0, 0, 0, 0],
        [0, 0, 0, 0],
        ...,
        [0, 0, 0, 0],
        [0, 0, 0,... 0],
        ...,
        [0, 0, 0, 0],
        [0, 0, 0, 0],
        [0, 0, 0, 0]]], shape=(600, 400, 4), dtype=uint8)

    def test_output_has_alpha_channel(self, normalizer, synthetic_garment_rgba):
        """Verify output garment.png is RGBA (4 channels)."""
>       result = normalizer.normalize(synthetic_garment_rgba)

tests\test_garment_normalizer.py:146: 
_ _ _ _ _ _ _ _ _ _ _ _ _ _ _ _ _ _ _ _ _ _ _ _ _ _ _ _ _ _ _ _ _ _ _ _ _ _ _ _

self = <ml_ai.core.garment_normalizer.GarmentNormalizer object at 0x000002E589678220>
image = array([[[0, 0, 0, 0],
        [0, 0, 0, 0],
        [0, 0, 0, 0],
        ...,
        [0, 0, 0, 0],
        [0, 0, 0,... 0],
        ...,
        [0, 0, 0, 0],
        [0, 0, 0, 0],
        [0, 0, 0, 0]]], shape=(600, 400, 4), dtype=uint8)

    def normalize(self, image: np.ndarray) -> NormalizationResult:
        """
        Run the full normalization pipeline on a garment image.
    
        Args:
            image: BGR or BGRA garment image (numpy array)
    
        Returns:
            NormalizationResult with all outputs and metadata
        """
        warnings: List[str] = []
        orig_h, orig_w = image.shape[:2]
    
        # \u2500\u2500 Step 1: Background removal \u2500\u2500\u2500\u2500\u2500\u2500\u2500\u2500\u2500\u2500\u2500\u2500\u2500\u2500\u2500\u2500\u2500\u2500\u2500\u2500\u2500\u2500\u2500\u2500\u2500\u2500\u2500\u2500\u2500\u2500\u2500\u2500
        try:
            rgba = self._remove_background(image)
        except Exception as e:
            return NormalizationResult(
                garment_image=np.zeros((self.canvas_size, self.canvas_size, 4), dtype=np.uint8),
                garment_mask=np.zeros((self.canvas_size, self.canvas_size), dtype=np.uint8),
                original_size=(orig_h, orig_w),
                bbox=(0, 0, 0, 0),
                centroid=(0, 0),
                scale_to_canvas=0.0,
                mask_quality=MaskQuality(0, 0, False),
                success=False,
                error=f"Background removal failed: {e}",
            )
    
        # \u2500\u2500 Step 2: Clean the mask \u2500\u2500\u2500\u2500\u2500\u2500\u2500\u2500\u2500\u2500\u2500\u2500\u2500\u2500\u2500\u2500\u2500\u2500\u2500\u2500\u2500\u2500\u2500\u2500\u2500\u2500\u2500\u2500\u2500\u2500\u2500\u2500\u2500\u2500\u2500\u2500
        raw_mask = rgba[:, :, 3]
        clean_mask = self._clean_mask(raw_mask)
    
        # Apply cleaned mask back to RGBA
>       rgba[:, :, 3] = clean_mask
E       ValueError: assignment destination is read-only

ml_ai\core\garment_normalizer.py:124: ValueError
__________ TestTransparentBackground.test_background_is_transparent ___________

self = <tests.test_garment_normalizer.TestTransparentBackground object at 0x000002E5F628ADA0>
normalizer = <ml_ai.core.garment_normalizer.GarmentNormalizer object at 0x000002E589599390>
synthetic_garment_rgba = array([[[0, 0, 0, 0],
        [0, 0, 0, 0],
        [0, 0, 0, 0],
        ...,
        [0, 0, 0, 0],
        [0, 0, 0,... 0],
        ...,
        [0, 0, 0, 0],
        [0, 0, 0, 0],
        [0, 0, 0, 0]]], shape=(600, 400, 4), dtype=uint8)

    def test_background_is_transparent(self, normalizer, synthetic_garment_rgba):
        """Verify alpha=0 outside garment region."""
>       result = normalizer.normalize(synthetic_garment_rgba)

tests\test_garment_normalizer.py:152: 
_ _ _ _ _ _ _ _ _ _ _ _ _ _ _ _ _ _ _ _ _ _ _ _ _ _ _ _ _ _ _ _ _ _ _ _ _ _ _ _

self = <ml_ai.core.garment_normalizer.GarmentNormalizer object at 0x000002E589599390>
image = array([[[0, 0, 0, 0],
        [0, 0, 0, 0],
        [0, 0, 0, 0],
        ...,
        [0, 0, 0, 0],
        [0, 0, 0,... 0],
        ...,
        [0, 0, 0, 0],
        [0, 0, 0, 0],
        [0, 0, 0, 0]]], shape=(600, 400, 4), dtype=uint8)

    def normalize(self, image: np.ndarray) -> NormalizationResult:
        """
        Run the full normalization pipeline on a garment image.
    
        Args:
            image: BGR or BGRA garment image (numpy array)
    
        Returns:
            NormalizationResult with all outputs and metadata
        """
        warnings: List[str] = []
        orig_h, orig_w = image.shape[:2]
    
        # \u2500\u2500 Step 1: Background removal \u2500\u2500\u2500\u2500\u2500\u2500\u2500\u2500\u2500\u2500\u2500\u2500\u2500\u2500\u2500\u2500\u2500\u2500\u2500\u2500\u2500\u2500\u2500\u2500\u2500\u2500\u2500\u2500\u2500\u2500\u2500\u2500
        try:
            rgba = self._remove_background(image)
        except Exception as e:
            return NormalizationResult(
                garment_image=np.zeros((self.canvas_size, self.canvas_size, 4), dtype=np.uint8),
                garment_mask=np.zeros((self.canvas_size, self.canvas_size), dtype=np.uint8),
                original_size=(orig_h, orig_w),
                bbox=(0, 0, 0, 0),
                centroid=(0, 0),
                scale_to_canvas=0.0,
                mask_quality=MaskQuality(0, 0, False),
                success=False,
                error=f"Background removal failed: {e}",
            )
    
        # \u2500\u2500 Step 2: Clean the mask \u2500\u2500\u2500\u2500\u2500\u2500\u2500\u2500\u2500\u2500\u2500\u2500\u2500\u2500\u2500\u2500\u2500\u2500\u2500\u2500\u2500\u2500\u2500\u2500\u2500\u2500\u2500\u2500\u2500\u2500\u2500\u2500\u2500\u2500\u2500\u2500
        raw_mask = rgba[:, :, 3]
        clean_mask = self._clean_mask(raw_mask)
    
        # Apply cleaned mask back to RGBA
>       rgba[:, :, 3] = clean_mask
E       ValueError: assignment destination is read-only

ml_ai\core\garment_normalizer.py:124: ValueError
___________________ TestMaskQuality.test_mask_quality_valid ___________________

self = <tests.test_garment_normalizer.TestMaskQuality object at 0x000002E5F628B850>
normalizer = <ml_ai.core.garment_normalizer.GarmentNormalizer object at 0x000002E5918506A0>
synthetic_garment_rgba = array([[[0, 0, 0, 0],
        [0, 0, 0, 0],
        [0, 0, 0, 0],
        ...,
        [0, 0, 0, 0],
        [0, 0, 0,... 0],
        ...,
        [0, 0, 0, 0],
        [0, 0, 0, 0],
        [0, 0, 0, 0]]], shape=(600, 400, 4), dtype=uint8)

    def test_mask_quality_valid(self, normalizer, synthetic_garment_rgba):
        """Verify mask quality passes validation for a good garment."""
>       result = normalizer.normalize(synthetic_garment_rgba)

tests\test_garment_normalizer.py:174: 
_ _ _ _ _ _ _ _ _ _ _ _ _ _ _ _ _ _ _ _ _ _ _ _ _ _ _ _ _ _ _ _ _ _ _ _ _ _ _ _

self = <ml_ai.core.garment_normalizer.GarmentNormalizer object at 0x000002E5918506A0>
image = array([[[0, 0, 0, 0],
        [0, 0, 0, 0],
        [0, 0, 0, 0],
        ...,
        [0, 0, 0, 0],
        [0, 0, 0,... 0],
        ...,
        [0, 0, 0, 0],
        [0, 0, 0, 0],
        [0, 0, 0, 0]]], shape=(600, 400, 4), dtype=uint8)

    def normalize(self, image: np.ndarray) -> NormalizationResult:
        """
        Run the full normalization pipeline on a garment image.
    
        Args:
            image: BGR or BGRA garment image (numpy array)
    
        Returns:
            NormalizationResult with all outputs and metadata
        """
        warnings: List[str] = []
        orig_h, orig_w = image.shape[:2]
    
        # \u2500\u2500 Step 1: Background removal \u2500\u2500\u2500\u2500\u2500\u2500\u2500\u2500\u2500\u2500\u2500\u2500\u2500\u2500\u2500\u2500\u2500\u2500\u2500\u2500\u2500\u2500\u2500\u2500\u2500\u2500\u2500\u2500\u2500\u2500\u2500\u2500
        try:
            rgba = self._remove_background(image)
        except Exception as e:
            return NormalizationResult(
                garment_image=np.zeros((self.canvas_size, self.canvas_size, 4), dtype=np.uint8),
                garment_mask=np.zeros((self.canvas_size, self.canvas_size), dtype=np.uint8),
                original_size=(orig_h, orig_w),
                bbox=(0, 0, 0, 0),
                centroid=(0, 0),
                scale_to_canvas=0.0,
                mask_quality=MaskQuality(0, 0, False),
                success=False,
                error=f"Background removal failed: {e}",
            )
    
        # \u2500\u2500 Step 2: Clean the mask \u2500\u2500\u2500\u2500\u2500\u2500\u2500\u2500\u2500\u2500\u2500\u2500\u2500\u2500\u2500\u2500\u2500\u2500\u2500\u2500\u2500\u2500\u2500\u2500\u2500\u2500\u2500\u2500\u2500\u2500\u2500\u2500\u2500\u2500\u2500\u2500
        raw_mask = rgba[:, :, 3]
        clean_mask = self._clean_mask(raw_mask)
    
        # Apply cleaned mask back to RGBA
>       rgba[:, :, 3] = clean_mask
E       ValueError: assignment destination is read-only

ml_ai\core\garment_normalizer.py:124: ValueError
_______________ TestMaskQuality.test_mask_quality_reports_area ________________

self = <tests.test_garment_normalizer.TestMaskQuality object at 0x000002E5F628B8B0>
normalizer = <ml_ai.core.garment_normalizer.GarmentNormalizer object at 0x000002E589684310>
synthetic_garment_rgba = array([[[0, 0, 0, 0],
        [0, 0, 0, 0],
        [0, 0, 0, 0],
        ...,
        [0, 0, 0, 0],
        [0, 0, 0,... 0],
        ...,
        [0, 0, 0, 0],
        [0, 0, 0, 0],
        [0, 0, 0, 0]]], shape=(600, 400, 4), dtype=uint8)

    def test_mask_quality_reports_area(self, normalizer, synthetic_garment_rgba):
        """Verify area ratio is reported and reasonable."""
>       result = normalizer.normalize(synthetic_garment_rgba)

tests\test_garment_normalizer.py:180: 
_ _ _ _ _ _ _ _ _ _ _ _ _ _ _ _ _ _ _ _ _ _ _ _ _ _ _ _ _ _ _ _ _ _ _ _ _ _ _ _

self = <ml_ai.core.garment_normalizer.GarmentNormalizer object at 0x000002E589684310>
image = array([[[0, 0, 0, 0],
        [0, 0, 0, 0],
        [0, 0, 0, 0],
        ...,
        [0, 0, 0, 0],
        [0, 0, 0,... 0],
        ...,
        [0, 0, 0, 0],
        [0, 0, 0, 0],
        [0, 0, 0, 0]]], shape=(600, 400, 4), dtype=uint8)

    def normalize(self, image: np.ndarray) -> NormalizationResult:
        """
        Run the full normalization pipeline on a garment image.
    
        Args:
            image: BGR or BGRA garment image (numpy array)
    
        Returns:
            NormalizationResult with all outputs and metadata
        """
        warnings: List[str] = []
        orig_h, orig_w = image.shape[:2]
    
        # \u2500\u2500 Step 1: Background removal \u2500\u2500\u2500\u2500\u2500\u2500\u2500\u2500\u2500\u2500\u2500\u2500\u2500\u2500\u2500\u2500\u2500\u2500\u2500\u2500\u2500\u2500\u2500\u2500\u2500\u2500\u2500\u2500\u2500\u2500\u2500\u2500
        try:
            rgba = self._remove_background(image)
        except Exception as e:
            return NormalizationResult(
                garment_image=np.zeros((self.canvas_size, self.canvas_size, 4), dtype=np.uint8),
                garment_mask=np.zeros((self.canvas_size, self.canvas_size), dtype=np.uint8),
                original_size=(orig_h, orig_w),
                bbox=(0, 0, 0, 0),
                centroid=(0, 0),
                scale_to_canvas=0.0,
                mask_quality=MaskQuality(0, 0, False),
                success=False,
                error=f"Background removal failed: {e}",
            )
    
        # \u2500\u2500 Step 2: Clean the mask \u2500\u2500\u2500\u2500\u2500\u2500\u2500\u2500\u2500\u2500\u2500\u2500\u2500\u2500\u2500\u2500\u2500\u2500\u2500\u2500\u2500\u2500\u2500\u2500\u2500\u2500\u2500\u2500\u2500\u2500\u2500\u2500\u2500\u2500\u2500\u2500
        raw_mask = rgba[:, :, 3]
        clean_mask = self._clean_mask(raw_mask)
    
        # Apply cleaned mask back to RGBA
>       rgba[:, :, 3] = clean_mask
E       ValueError: assignment destination is read-only

ml_ai\core\garment_normalizer.py:124: ValueError
_____________ TestMaskQuality.test_mask_quality_single_component ______________

self = <tests.test_garment_normalizer.TestMaskQuality object at 0x000002E5F628B190>
normalizer = <ml_ai.core.garment_normalizer.GarmentNormalizer object at 0x000002E58959A800>
synthetic_garment_rgba = array([[[0, 0, 0, 0],
        [0, 0, 0, 0],
        [0, 0, 0, 0],
        ...,
        [0, 0, 0, 0],
        [0, 0, 0,... 0],
        ...,
        [0, 0, 0, 0],
        [0, 0, 0, 0],
        [0, 0, 0, 0]]], shape=(600, 400, 4), dtype=uint8)

    def test_mask_quality_single_component(self, normalizer, synthetic_garment_rgba):
        """Verify mask has exactly 1 connected component."""
>       result = normalizer.normalize(synthetic_garment_rgba)

tests\test_garment_normalizer.py:186: 
_ _ _ _ _ _ _ _ _ _ _ _ _ _ _ _ _ _ _ _ _ _ _ _ _ _ _ _ _ _ _ _ _ _ _ _ _ _ _ _

self = <ml_ai.core.garment_normalizer.GarmentNormalizer object at 0x000002E58959A800>
image = array([[[0, 0, 0, 0],
        [0, 0, 0, 0],
        [0, 0, 0, 0],
        ...,
        [0, 0, 0, 0],
        [0, 0, 0,... 0],
        ...,
        [0, 0, 0, 0],
        [0, 0, 0, 0],
        [0, 0, 0, 0]]], shape=(600, 400, 4), dtype=uint8)

    def normalize(self, image: np.ndarray) -> NormalizationResult:
        """
        Run the full normalization pipeline on a garment image.
    
        Args:
            image: BGR or BGRA garment image (numpy array)
    
        Returns:
            NormalizationResult with all outputs and metadata
        """
        warnings: List[str] = []
        orig_h, orig_w = image.shape[:2]
    
        # \u2500\u2500 Step 1: Background removal \u2500\u2500\u2500\u2500\u2500\u2500\u2500\u2500\u2500\u2500\u2500\u2500\u2500\u2500\u2500\u2500\u2500\u2500\u2500\u2500\u2500\u2500\u2500\u2500\u2500\u2500\u2500\u2500\u2500\u2500\u2500\u2500
        try:
            rgba = self._remove_background(image)
        except Exception as e:
            return NormalizationResult(
                garment_image=np.zeros((self.canvas_size, self.canvas_size, 4), dtype=np.uint8),
                garment_mask=np.zeros((self.canvas_size, self.canvas_size), dtype=np.uint8),
                original_size=(orig_h, orig_w),
                bbox=(0, 0, 0, 0),
                centroid=(0, 0),
                scale_to_canvas=0.0,
                mask_quality=MaskQuality(0, 0, False),
                success=False,
                error=f"Background removal failed: {e}",
            )
    
        # \u2500\u2500 Step 2: Clean the mask \u2500\u2500\u2500\u2500\u2500\u2500\u2500\u2500\u2500\u2500\u2500\u2500\u2500\u2500\u2500\u2500\u2500\u2500\u2500\u2500\u2500\u2500\u2500\u2500\u2500\u2500\u2500\u2500\u2500\u2500\u2500\u2500\u2500\u2500\u2500\u2500
        raw_mask = rgba[:, :, 3]
        clean_mask = self._clean_mask(raw_mask)
    
        # Apply cleaned mask back to RGBA
>       rgba[:, :, 3] = clean_mask
E       ValueError: assignment destination is read-only

ml_ai\core\garment_normalizer.py:124: ValueError
___________________ TestMaskQuality.test_no_internal_holes ____________________

self = <tests.test_garment_normalizer.TestMaskQuality object at 0x000002E5F62B40A0>
normalizer = <ml_ai.core.garment_normalizer.GarmentNormalizer object at 0x000002E58967AC80>
synthetic_garment_rgba = array([[[0, 0, 0, 0],
        [0, 0, 0, 0],
        [0, 0, 0, 0],
        ...,
        [0, 0, 0, 0],
        [0, 0, 0,... 0],
        ...,
        [0, 0, 0, 0],
        [0, 0, 0, 0],
        [0, 0, 0, 0]]], shape=(600, 400, 4), dtype=uint8)

    def test_no_internal_holes(self, normalizer, synthetic_garment_rgba):
        """Verify there are no internal black holes within the garment mask."""
>       result = normalizer.normalize(synthetic_garment_rgba)

tests\test_garment_normalizer.py:193: 
_ _ _ _ _ _ _ _ _ _ _ _ _ _ _ _ _ _ _ _ _ _ _ _ _ _ _ _ _ _ _ _ _ _ _ _ _ _ _ _

self = <ml_ai.core.garment_normalizer.GarmentNormalizer object at 0x000002E58967AC80>
image = array([[[0, 0, 0, 0],
        [0, 0, 0, 0],
        [0, 0, 0, 0],
        ...,
        [0, 0, 0, 0],
        [0, 0, 0,... 0],
        ...,
        [0, 0, 0, 0],
        [0, 0, 0, 0],
        [0, 0, 0, 0]]], shape=(600, 400, 4), dtype=uint8)

    def normalize(self, image: np.ndarray) -> NormalizationResult:
        """
        Run the full normalization pipeline on a garment image.
    
        Args:
            image: BGR or BGRA garment image (numpy array)
    
        Returns:
            NormalizationResult with all outputs and metadata
        """
        warnings: List[str] = []
        orig_h, orig_w = image.shape[:2]
    
        # \u2500\u2500 Step 1: Background removal \u2500\u2500\u2500\u2500\u2500\u2500\u2500\u2500\u2500\u2500\u2500\u2500\u2500\u2500\u2500\u2500\u2500\u2500\u2500\u2500\u2500\u2500\u2500\u2500\u2500\u2500\u2500\u2500\u2500\u2500\u2500\u2500
        try:
            rgba = self._remove_background(image)
        except Exception as e:
            return NormalizationResult(
                garment_image=np.zeros((self.canvas_size, self.canvas_size, 4), dtype=np.uint8),
                garment_mask=np.zeros((self.canvas_size, self.canvas_size), dtype=np.uint8),
                original_size=(orig_h, orig_w),
                bbox=(0, 0, 0, 0),
                centroid=(0, 0),
                scale_to_canvas=0.0,
                mask_quality=MaskQuality(0, 0, False),
                success=False,
                error=f"Background removal failed: {e}",
            )
    
        # \u2500\u2500 Step 2: Clean the mask \u2500\u2500\u2500\u2500\u2500\u2500\u2500\u2500\u2500\u2500\u2500\u2500\u2500\u2500\u2500\u2500\u2500\u2500\u2500\u2500\u2500\u2500\u2500\u2500\u2500\u2500\u2500\u2500\u2500\u2500\u2500\u2500\u2500\u2500\u2500\u2500
        raw_mask = rgba[:, :, 3]
        clean_mask = self._clean_mask(raw_mask)
    
        # Apply cleaned mask back to RGBA
>       rgba[:, :, 3] = clean_mask
E       ValueError: assignment destination is read-only

ml_ai\core\garment_normalizer.py:124: ValueError
____________ TestFileSaving.test_normalize_and_save_creates_files _____________

self = <tests.test_garment_normalizer.TestFileSaving object at 0x000002E5F628B100>
normalizer = <ml_ai.core.garment_normalizer.GarmentNormalizer object at 0x000002E59189D5D0>
temp_dir = WindowsPath('C:/Users/megha/AppData/Local/Temp/tmpv1915fc5')

    def test_normalize_and_save_creates_files(self, normalizer, temp_dir):
        """Verify garment.png, garment_mask.png, and metadata.json are created."""
        # Create a synthetic input image
        img = np.zeros((400, 300, 4), dtype=np.uint8)
        cv2.rectangle(img, (50, 50), (250, 350), (100, 150, 200, 255), -1)
        input_path = temp_dir / "input.png"
        cv2.imwrite(str(input_path), img)
    
        # Create a basic metadata.json
        meta = {"id": "test-001", "name": "Test Garment"}
        with open(temp_dir / "metadata.json", "w") as f:
            json.dump(meta, f)
    
>       result = normalizer.normalize_and_save(str(input_path), str(temp_dir))

tests\test_garment_normalizer.py:236: 
_ _ _ _ _ _ _ _ _ _ _ _ _ _ _ _ _ _ _ _ _ _ _ _ _ _ _ _ _ _ _ _ _ _ _ _ _ _ _ _

self = <ml_ai.core.garment_normalizer.GarmentNormalizer object at 0x000002E59189D5D0>
input_image_path = 'C:\\Users\\megha\\AppData\\Local\\Temp\\tmpv1915fc5\\input.png'
output_dir = 'C:\\Users\\megha\\AppData\\Local\\Temp\\tmpv1915fc5'
update_metadata = True

    def normalize_and_save(
        self,
        input_image_path: str | Path,
        output_dir: str | Path,
        update_metadata: bool = True,
    ) -> NormalizationResult:
        """
        Load a garment image, normalize it, and save all outputs.
    
        Args:
            input_image_path: Path to the raw garment image
            output_dir: Directory to write garment.png, garment_mask.png
            update_metadata: If True, update metadata.json in output_dir
    
        Returns:
            NormalizationResult
        """
        input_path = Path(input_image_path)
        out_dir = Path(output_dir)
        out_dir.mkdir(parents=True, exist_ok=True)
    
        # Load image (with alpha if present)
        image = cv2.imread(str(input_path), cv2.IMREAD_UNCHANGED)
        if image is None:
            return NormalizationResult(
                garment_image=np.zeros((self.canvas_size, self.canvas_size, 4), dtype=np.uint8),
                garment_mask=np.zeros((self.canvas_size, self.canvas_size), dtype=np.uint8),
                original_size=(0, 0),
                bbox=(0, 0, 0, 0),
                centroid=(0, 0),
                scale_to_canvas=0.0,
                mask_quality=MaskQuality(0, 0, False),
                success=False,
                error=f"Failed to load image: {input_path}",
            )
    
>       result = self.normalize(image)

ml_ai\core\garment_normalizer.py:203: 
_ _ _ _ _ _ _ _ _ _ _ _ _ _ _ _ _ _ _ _ _ _ _ _ _ _ _ _ _ _ _ _ _ _ _ _ _ _ _ _

self = <ml_ai.core.garment_normalizer.GarmentNormalizer object at 0x000002E59189D5D0>
image = array([[[0, 0, 0, 0],
        [0, 0, 0, 0],
        [0, 0, 0, 0],
        ...,
        [0, 0, 0, 0],
        [0, 0, 0,... 0],
        ...,
        [0, 0, 0, 0],
        [0, 0, 0, 0],
        [0, 0, 0, 0]]], shape=(400, 300, 4), dtype=uint8)

    def normalize(self, image: np.ndarray) -> NormalizationResult:
        """
        Run the full normalization pipeline on a garment image.
    
        Args:
            image: BGR or BGRA garment image (numpy array)
    
        Returns:
            NormalizationResult with all outputs and metadata
        """
        warnings: List[str] = []
        orig_h, orig_w = image.shape[:2]
    
        # \u2500\u2500 Step 1: Background removal \u2500\u2500\u2500\u2500\u2500\u2500\u2500\u2500\u2500\u2500\u2500\u2500\u2500\u2500\u2500\u2500\u2500\u2500\u2500\u2500\u2500\u2500\u2500\u2500\u2500\u2500\u2500\u2500\u2500\u2500\u2500\u2500
        try:
            rgba = self._remove_background(image)
        except Exception as e:
            return NormalizationResult(
                garment_image=np.zeros((self.canvas_size, self.canvas_size, 4), dtype=np.uint8),
                garment_mask=np.zeros((self.canvas_size, self.canvas_size), dtype=np.uint8),
                original_size=(orig_h, orig_w),
                bbox=(0, 0, 0, 0),
                centroid=(0, 0),
                scale_to_canvas=0.0,
                mask_quality=MaskQuality(0, 0, False),
                success=False,
                error=f"Background removal failed: {e}",
            )
    
        # \u2500\u2500 Step 2: Clean the mask \u2500\u2500\u2500\u2500\u2500\u2500\u2500\u2500\u2500\u2500\u2500\u2500\u2500\u2500\u2500\u2500\u2500\u2500\u2500\u2500\u2500\u2500\u2500\u2500\u2500\u2500\u2500\u2500\u2500\u2500\u2500\u2500\u2500\u2500\u2500\u2500
        raw_mask = rgba[:, :, 3]
        clean_mask = self._clean_mask(raw_mask)
    
        # Apply cleaned mask back to RGBA
>       rgba[:, :, 3] = clean_mask
E       ValueError: assignment destination is read-only

ml_ai\core\garment_normalizer.py:124: ValueError
________________ TestFileSaving.test_saved_garment_is_512x512 _________________

self = <tests.test_garment_normalizer.TestFileSaving object at 0x000002E5F628B820>
normalizer = <ml_ai.core.garment_normalizer.GarmentNormalizer object at 0x000002E589683F70>
temp_dir = WindowsPath('C:/Users/megha/AppData/Local/Temp/tmp1c22jyqp')

    def test_saved_garment_is_512x512(self, normalizer, temp_dir):
        """Verify the saved garment.png file is 512╫512."""
        img = np.zeros((400, 300, 4), dtype=np.uint8)
        cv2.rectangle(img, (50, 50), (250, 350), (100, 150, 200, 255), -1)
        input_path = temp_dir / "input.png"
        cv2.imwrite(str(input_path), img)
    
>       result = normalizer.normalize_and_save(str(input_path), str(temp_dir))

tests\test_garment_normalizer.py:256: 
_ _ _ _ _ _ _ _ _ _ _ _ _ _ _ _ _ _ _ _ _ _ _ _ _ _ _ _ _ _ _ _ _ _ _ _ _ _ _ _

self = <ml_ai.core.garment_normalizer.GarmentNormalizer object at 0x000002E589683F70>
input_image_path = 'C:\\Users\\megha\\AppData\\Local\\Temp\\tmp1c22jyqp\\input.png'
output_dir = 'C:\\Users\\megha\\AppData\\Local\\Temp\\tmp1c22jyqp'
update_metadata = True

    def normalize_and_save(
        self,
        input_image_path: str | Path,
        output_dir: str | Path,
        update_metadata: bool = True,
    ) -> NormalizationResult:
        """
        Load a garment image, normalize it, and save all outputs.
    
        Args:
            input_image_path: Path to the raw garment image
            output_dir: Directory to write garment.png, garment_mask.png
            update_metadata: If True, update metadata.json in output_dir
    
        Returns:
            NormalizationResult
        """
        input_path = Path(input_image_path)
        out_dir = Path(output_dir)
        out_dir.mkdir(parents=True, exist_ok=True)
    
        # Load image (with alpha if present)
        image = cv2.imread(str(input_path), cv2.IMREAD_UNCHANGED)
        if image is None:
            return NormalizationResult(
                garment_image=np.zeros((self.canvas_size, self.canvas_size, 4), dtype=np.uint8),
                garment_mask=np.zeros((self.canvas_size, self.canvas_size), dtype=np.uint8),
                original_size=(0, 0),
                bbox=(0, 0, 0, 0),
                centroid=(0, 0),
                scale_to_canvas=0.0,
                mask_quality=MaskQuality(0, 0, False),
                success=False,
                error=f"Failed to load image: {input_path}",
            )
    
>       result = self.normalize(image)

ml_ai\core\garment_normalizer.py:203: 
_ _ _ _ _ _ _ _ _ _ _ _ _ _ _ _ _ _ _ _ _ _ _ _ _ _ _ _ _ _ _ _ _ _ _ _ _ _ _ _

self = <ml_ai.core.garment_normalizer.GarmentNormalizer object at 0x000002E589683F70>
image = array([[[0, 0, 0, 0],
        [0, 0, 0, 0],
        [0, 0, 0, 0],
        ...,
        [0, 0, 0, 0],
        [0, 0, 0,... 0],
        ...,
        [0, 0, 0, 0],
        [0, 0, 0, 0],
        [0, 0, 0, 0]]], shape=(400, 300, 4), dtype=uint8)

    def normalize(self, image: np.ndarray) -> NormalizationResult:
        """
        Run the full normalization pipeline on a garment image.
    
        Args:
            image: BGR or BGRA garment image (numpy array)
    
        Returns:
            NormalizationResult with all outputs and metadata
        """
        warnings: List[str] = []
        orig_h, orig_w = image.shape[:2]
    
        # \u2500\u2500 Step 1: Background removal \u2500\u2500\u2500\u2500\u2500\u2500\u2500\u2500\u2500\u2500\u2500\u2500\u2500\u2500\u2500\u2500\u2500\u2500\u2500\u2500\u2500\u2500\u2500\u2500\u2500\u2500\u2500\u2500\u2500\u2500\u2500\u2500
        try:
            rgba = self._remove_background(image)
        except Exception as e:
            return NormalizationResult(
                garment_image=np.zeros((self.canvas_size, self.canvas_size, 4), dtype=np.uint8),
                garment_mask=np.zeros((self.canvas_size, self.canvas_size), dtype=np.uint8),
                original_size=(orig_h, orig_w),
                bbox=(0, 0, 0, 0),
                centroid=(0, 0),
                scale_to_canvas=0.0,
                mask_quality=MaskQuality(0, 0, False),
                success=False,
                error=f"Background removal failed: {e}",
            )
    
        # \u2500\u2500 Step 2: Clean the mask \u2500\u2500\u2500\u2500\u2500\u2500\u2500\u2500\u2500\u2500\u2500\u2500\u2500\u2500\u2500\u2500\u2500\u2500\u2500\u2500\u2500\u2500\u2500\u2500\u2500\u2500\u2500\u2500\u2500\u2500\u2500\u2500\u2500\u2500\u2500\u2500
        raw_mask = rgba[:, :, 3]
        clean_mask = self._clean_mask(raw_mask)
    
        # Apply cleaned mask back to RGBA
>       rgba[:, :, 3] = clean_mask
E       ValueError: assignment destination is read-only

ml_ai\core\garment_normalizer.py:124: ValueError
__________ TestFileSaving.test_metadata_contains_normalization_info ___________

self = <tests.test_garment_normalizer.TestFileSaving object at 0x000002E5F628B040>
normalizer = <ml_ai.core.garment_normalizer.GarmentNormalizer object at 0x000002E589685F30>
temp_dir = WindowsPath('C:/Users/megha/AppData/Local/Temp/tmp6osr4vbl')

    def test_metadata_contains_normalization_info(self, normalizer, temp_dir):
        """Verify metadata has all required normalization fields."""
        img = np.zeros((400, 300, 4), dtype=np.uint8)
        cv2.rectangle(img, (50, 50), (250, 350), (100, 150, 200, 255), -1)
        input_path = temp_dir / "input.png"
        cv2.imwrite(str(input_path), img)
    
        with open(temp_dir / "metadata.json", "w") as f:
            json.dump({"id": "test"}, f)
    
>       result = normalizer.normalize_and_save(str(input_path), str(temp_dir))

tests\test_garment_normalizer.py:272: 
_ _ _ _ _ _ _ _ _ _ _ _ _ _ _ _ _ _ _ _ _ _ _ _ _ _ _ _ _ _ _ _ _ _ _ _ _ _ _ _

self = <ml_ai.core.garment_normalizer.GarmentNormalizer object at 0x000002E589685F30>
input_image_path = 'C:\\Users\\megha\\AppData\\Local\\Temp\\tmp6osr4vbl\\input.png'
output_dir = 'C:\\Users\\megha\\AppData\\Local\\Temp\\tmp6osr4vbl'
update_metadata = True

    def normalize_and_save(
        self,
        input_image_path: str | Path,
        output_dir: str | Path,
        update_metadata: bool = True,
    ) -> NormalizationResult:
        """
        Load a garment image, normalize it, and save all outputs.
    
        Args:
            input_image_path: Path to the raw garment image
            output_dir: Directory to write garment.png, garment_mask.png
            update_metadata: If True, update metadata.json in output_dir
    
        Returns:
            NormalizationResult
        """
        input_path = Path(input_image_path)
        out_dir = Path(output_dir)
        out_dir.mkdir(parents=True, exist_ok=True)
    
        # Load image (with alpha if present)
        image = cv2.imread(str(input_path), cv2.IMREAD_UNCHANGED)
        if image is None:
            return NormalizationResult(
                garment_image=np.zeros((self.canvas_size, self.canvas_size, 4), dtype=np.uint8),
                garment_mask=np.zeros((self.canvas_size, self.canvas_size), dtype=np.uint8),
                original_size=(0, 0),
                bbox=(0, 0, 0, 0),
                centroid=(0, 0),
                scale_to_canvas=0.0,
                mask_quality=MaskQuality(0, 0, False),
                success=False,
                error=f"Failed to load image: {input_path}",
            )
    
>       result = self.normalize(image)

ml_ai\core\garment_normalizer.py:203: 
_ _ _ _ _ _ _ _ _ _ _ _ _ _ _ _ _ _ _ _ _ _ _ _ _ _ _ _ _ _ _ _ _ _ _ _ _ _ _ _

self = <ml_ai.core.garment_normalizer.GarmentNormalizer object at 0x000002E589685F30>
image = array([[[0, 0, 0, 0],
        [0, 0, 0, 0],
        [0, 0, 0, 0],
        ...,
        [0, 0, 0, 0],
        [0, 0, 0,... 0],
        ...,
        [0, 0, 0, 0],
        [0, 0, 0, 0],
        [0, 0, 0, 0]]], shape=(400, 300, 4), dtype=uint8)

    def normalize(self, image: np.ndarray) -> NormalizationResult:
        """
        Run the full normalization pipeline on a garment image.
    
        Args:
            image: BGR or BGRA garment image (numpy array)
    
        Returns:
            NormalizationResult with all outputs and metadata
        """
        warnings: List[str] = []
        orig_h, orig_w = image.shape[:2]
    
        # \u2500\u2500 Step 1: Background removal \u2500\u2500\u2500\u2500\u2500\u2500\u2500\u2500\u2500\u2500\u2500\u2500\u2500\u2500\u2500\u2500\u2500\u2500\u2500\u2500\u2500\u2500\u2500\u2500\u2500\u2500\u2500\u2500\u2500\u2500\u2500\u2500
        try:
            rgba = self._remove_background(image)
        except Exception as e:
            return NormalizationResult(
                garment_image=np.zeros((self.canvas_size, self.canvas_size, 4), dtype=np.uint8),
                garment_mask=np.zeros((self.canvas_size, self.canvas_size), dtype=np.uint8),
                original_size=(orig_h, orig_w),
                bbox=(0, 0, 0, 0),
                centroid=(0, 0),
                scale_to_canvas=0.0,
                mask_quality=MaskQuality(0, 0, False),
                success=False,
                error=f"Background removal failed: {e}",
            )
    
        # \u2500\u2500 Step 2: Clean the mask \u2500\u2500\u2500\u2500\u2500\u2500\u2500\u2500\u2500\u2500\u2500\u2500\u2500\u2500\u2500\u2500\u2500\u2500\u2500\u2500\u2500\u2500\u2500\u2500\u2500\u2500\u2500\u2500\u2500\u2500\u2500\u2500\u2500\u2500\u2500\u2500
        raw_mask = rgba[:, :, 3]
        clean_mask = self._clean_mask(raw_mask)
    
        # Apply cleaned mask back to RGBA
>       rgba[:, :, 3] = clean_mask
E       ValueError: assignment destination is read-only

ml_ai\core\garment_normalizer.py:124: ValueError
_____________ TestScaleTracking.test_scale_to_canvas_is_recorded ______________

self = <tests.test_garment_normalizer.TestScaleTracking object at 0x000002E5F62B4250>
normalizer = <ml_ai.core.garment_normalizer.GarmentNormalizer object at 0x000002E58966E020>
synthetic_garment_rgba = array([[[0, 0, 0, 0],
        [0, 0, 0, 0],
        [0, 0, 0, 0],
        ...,
        [0, 0, 0, 0],
        [0, 0, 0,... 0],
        ...,
        [0, 0, 0, 0],
        [0, 0, 0, 0],
        [0, 0, 0, 0]]], shape=(600, 400, 4), dtype=uint8)

    def test_scale_to_canvas_is_recorded(self, normalizer, synthetic_garment_rgba):
        """Verify scale_to_canvas is a positive float."""
>       result = normalizer.normalize(synthetic_garment_rgba)

tests\test_garment_normalizer.py:295: 
_ _ _ _ _ _ _ _ _ _ _ _ _ _ _ _ _ _ _ _ _ _ _ _ _ _ _ _ _ _ _ _ _ _ _ _ _ _ _ _

self = <ml_ai.core.garment_normalizer.GarmentNormalizer object at 0x000002E58966E020>
image = array([[[0, 0, 0, 0],
        [0, 0, 0, 0],
        [0, 0, 0, 0],
        ...,
        [0, 0, 0, 0],
        [0, 0, 0,... 0],
        ...,
        [0, 0, 0, 0],
        [0, 0, 0, 0],
        [0, 0, 0, 0]]], shape=(600, 400, 4), dtype=uint8)

    def normalize(self, image: np.ndarray) -> NormalizationResult:
        """
        Run the full normalization pipeline on a garment image.
    
        Args:
            image: BGR or BGRA garment image (numpy array)
    
        Returns:
            NormalizationResult with all outputs and metadata
        """
        warnings: List[str] = []
        orig_h, orig_w = image.shape[:2]
    
        # \u2500\u2500 Step 1: Background removal \u2500\u2500\u2500\u2500\u2500\u2500\u2500\u2500\u2500\u2500\u2500\u2500\u2500\u2500\u2500\u2500\u2500\u2500\u2500\u2500\u2500\u2500\u2500\u2500\u2500\u2500\u2500\u2500\u2500\u2500\u2500\u2500
        try:
            rgba = self._remove_background(image)
        except Exception as e:
            return NormalizationResult(
                garment_image=np.zeros((self.canvas_size, self.canvas_size, 4), dtype=np.uint8),
                garment_mask=np.zeros((self.canvas_size, self.canvas_size), dtype=np.uint8),
                original_size=(orig_h, orig_w),
                bbox=(0, 0, 0, 0),
                centroid=(0, 0),
                scale_to_canvas=0.0,
                mask_quality=MaskQuality(0, 0, False),
                success=False,
                error=f"Background removal failed: {e}",
            )
    
        # \u2500\u2500 Step 2: Clean the mask \u2500\u2500\u2500\u2500\u2500\u2500\u2500\u2500\u2500\u2500\u2500\u2500\u2500\u2500\u2500\u2500\u2500\u2500\u2500\u2500\u2500\u2500\u2500\u2500\u2500\u2500\u2500\u2500\u2500\u2500\u2500\u2500\u2500\u2500\u2500\u2500
        raw_mask = rgba[:, :, 3]
        clean_mask = self._clean_mask(raw_mask)
    
        # Apply cleaned mask back to RGBA
>       rgba[:, :, 3] = clean_mask
E       ValueError: assignment destination is read-only

ml_ai\core\garment_normalizer.py:124: ValueError
______________ TestScaleTracking.test_original_size_is_recorded _______________

self = <tests.test_garment_normalizer.TestScaleTracking object at 0x000002E5F62B42B0>
normalizer = <ml_ai.core.garment_normalizer.GarmentNormalizer object at 0x000002E589683490>
synthetic_garment_rgba = array([[[0, 0, 0, 0],
        [0, 0, 0, 0],
        [0, 0, 0, 0],
        ...,
        [0, 0, 0, 0],
        [0, 0, 0,... 0],
        ...,
        [0, 0, 0, 0],
        [0, 0, 0, 0],
        [0, 0, 0, 0]]], shape=(600, 400, 4), dtype=uint8)

    def test_original_size_is_recorded(self, normalizer, synthetic_garment_rgba):
        """Verify original_size matches input dimensions."""
>       result = normalizer.normalize(synthetic_garment_rgba)

tests\test_garment_normalizer.py:302: 
_ _ _ _ _ _ _ _ _ _ _ _ _ _ _ _ _ _ _ _ _ _ _ _ _ _ _ _ _ _ _ _ _ _ _ _ _ _ _ _

self = <ml_ai.core.garment_normalizer.GarmentNormalizer object at 0x000002E589683490>
image = array([[[0, 0, 0, 0],
        [0, 0, 0, 0],
        [0, 0, 0, 0],
        ...,
        [0, 0, 0, 0],
        [0, 0, 0,... 0],
        ...,
        [0, 0, 0, 0],
        [0, 0, 0, 0],
        [0, 0, 0, 0]]], shape=(600, 400, 4), dtype=uint8)

    def normalize(self, image: np.ndarray) -> NormalizationResult:
        """
        Run the full normalization pipeline on a garment image.
    
        Args:
            image: BGR or BGRA garment image (numpy array)
    
        Returns:
            NormalizationResult with all outputs and metadata
        """
        warnings: List[str] = []
        orig_h, orig_w = image.shape[:2]
    
        # \u2500\u2500 Step 1: Background removal \u2500\u2500\u2500\u2500\u2500\u2500\u2500\u2500\u2500\u2500\u2500\u2500\u2500\u2500\u2500\u2500\u2500\u2500\u2500\u2500\u2500\u2500\u2500\u2500\u2500\u2500\u2500\u2500\u2500\u2500\u2500\u2500
        try:
            rgba = self._remove_background(image)
        except Exception as e:
            return NormalizationResult(
                garment_image=np.zeros((self.canvas_size, self.canvas_size, 4), dtype=np.uint8),
                garment_mask=np.zeros((self.canvas_size, self.canvas_size), dtype=np.uint8),
                original_size=(orig_h, orig_w),
                bbox=(0, 0, 0, 0),
                centroid=(0, 0),
                scale_to_canvas=0.0,
                mask_quality=MaskQuality(0, 0, False),
                success=False,
                error=f"Background removal failed: {e}",
            )
    
        # \u2500\u2500 Step 2: Clean the mask \u2500\u2500\u2500\u2500\u2500\u2500\u2500\u2500\u2500\u2500\u2500\u2500\u2500\u2500\u2500\u2500\u2500\u2500\u2500\u2500\u2500\u2500\u2500\u2500\u2500\u2500\u2500\u2500\u2500\u2500\u2500\u2500\u2500\u2500\u2500\u2500
        raw_mask = rgba[:, :, 3]
        clean_mask = self._clean_mask(raw_mask)
    
        # Apply cleaned mask back to RGBA
>       rgba[:, :, 3] = clean_mask
E       ValueError: assignment destination is read-only

ml_ai\core\garment_normalizer.py:124: ValueError
_______________ TestEdgeCases.test_empty_image_fails_gracefully _______________

self = <tests.test_garment_normalizer.TestEdgeCases object at 0x000002E5F62B4550>
normalizer = <ml_ai.core.garment_normalizer.GarmentNormalizer object at 0x000002E59189ED10>

    def test_empty_image_fails_gracefully(self, normalizer):
        """Verify normalizer handles an all-transparent image."""
        empty = np.zeros((400, 300, 4), dtype=np.uint8)
>       result = normalizer.normalize(empty)

tests\test_garment_normalizer.py:316: 
_ _ _ _ _ _ _ _ _ _ _ _ _ _ _ _ _ _ _ _ _ _ _ _ _ _ _ _ _ _ _ _ _ _ _ _ _ _ _ _

self = <ml_ai.core.garment_normalizer.GarmentNormalizer object at 0x000002E59189ED10>
image = array([[[0, 0, 0, 0],
        [0, 0, 0, 0],
        [0, 0, 0, 0],
        ...,
        [0, 0, 0, 0],
        [0, 0, 0,... 0],
        ...,
        [0, 0, 0, 0],
        [0, 0, 0, 0],
        [0, 0, 0, 0]]], shape=(400, 300, 4), dtype=uint8)

    def normalize(self, image: np.ndarray) -> NormalizationResult:
        """
        Run the full normalization pipeline on a garment image.
    
        Args:
            image: BGR or BGRA garment image (numpy array)
    
        Returns:
            NormalizationResult with all outputs and metadata
        """
        warnings: List[str] = []
        orig_h, orig_w = image.shape[:2]
    
        # \u2500\u2500 Step 1: Background removal \u2500\u2500\u2500\u2500\u2500\u2500\u2500\u2500\u2500\u2500\u2500\u2500\u2500\u2500\u2500\u2500\u2500\u2500\u2500\u2500\u2500\u2500\u2500\u2500\u2500\u2500\u2500\u2500\u2500\u2500\u2500\u2500
        try:
            rgba = self._remove_background(image)
        except Exception as e:
            return NormalizationResult(
                garment_image=np.zeros((self.canvas_size, self.canvas_size, 4), dtype=np.uint8),
                garment_mask=np.zeros((self.canvas_size, self.canvas_size), dtype=np.uint8),
                original_size=(orig_h, orig_w),
                bbox=(0, 0, 0, 0),
                centroid=(0, 0),
                scale_to_canvas=0.0,
                mask_quality=MaskQuality(0, 0, False),
                success=False,
                error=f"Background removal failed: {e}",
            )
    
        # \u2500\u2500 Step 2: Clean the mask \u2500\u2500\u2500\u2500\u2500\u2500\u2500\u2500\u2500\u2500\u2500\u2500\u2500\u2500\u2500\u2500\u2500\u2500\u2500\u2500\u2500\u2500\u2500\u2500\u2500\u2500\u2500\u2500\u2500\u2500\u2500\u2500\u2500\u2500\u2500\u2500
        raw_mask = rgba[:, :, 3]
        clean_mask = self._clean_mask(raw_mask)
    
        # Apply cleaned mask back to RGBA
>       rgba[:, :, 3] = clean_mask
E       ValueError: assignment destination is read-only

ml_ai\core\garment_normalizer.py:124: ValueError
________________________ TestEdgeCases.test_tiny_image ________________________

self = <tests.test_garment_normalizer.TestEdgeCases object at 0x000002E5F62B4610>
normalizer = <ml_ai.core.garment_normalizer.GarmentNormalizer object at 0x000002E5F73EEB30>

    def test_tiny_image(self, normalizer):
        """Verify normalizer handles a very small image."""
        tiny = np.zeros((32, 32, 4), dtype=np.uint8)
        cv2.rectangle(tiny, (5, 5), (27, 27), (100, 100, 200, 255), -1)
>       result = normalizer.normalize(tiny)

tests\test_garment_normalizer.py:325: 
_ _ _ _ _ _ _ _ _ _ _ _ _ _ _ _ _ _ _ _ _ _ _ _ _ _ _ _ _ _ _ _ _ _ _ _ _ _ _ _

self = <ml_ai.core.garment_normalizer.GarmentNormalizer object at 0x000002E5F73EEB30>
image = array([[[0, 0, 0, 0],
        [0, 0, 0, 0],
        [0, 0, 0, 0],
        ...,
        [0, 0, 0, 0],
        [0, 0, 0,...0, 0],
        ...,
        [0, 0, 0, 0],
        [0, 0, 0, 0],
        [0, 0, 0, 0]]], shape=(32, 32, 4), dtype=uint8)

    def normalize(self, image: np.ndarray) -> NormalizationResult:
        """
        Run the full normalization pipeline on a garment image.
    
        Args:
            image: BGR or BGRA garment image (numpy array)
    
        Returns:
            NormalizationResult with all outputs and metadata
        """
        warnings: List[str] = []
        orig_h, orig_w = image.shape[:2]
    
        # \u2500\u2500 Step 1: Background removal \u2500\u2500\u2500\u2500\u2500\u2500\u2500\u2500\u2500\u2500\u2500\u2500\u2500\u2500\u2500\u2500\u2500\u2500\u2500\u2500\u2500\u2500\u2500\u2500\u2500\u2500\u2500\u2500\u2500\u2500\u2500\u2500
        try:
            rgba = self._remove_background(image)
        except Exception as e:
            return NormalizationResult(
                garment_image=np.zeros((self.canvas_size, self.canvas_size, 4), dtype=np.uint8),
                garment_mask=np.zeros((self.canvas_size, self.canvas_size), dtype=np.uint8),
                original_size=(orig_h, orig_w),
                bbox=(0, 0, 0, 0),
                centroid=(0, 0),
                scale_to_canvas=0.0,
                mask_quality=MaskQuality(0, 0, False),
                success=False,
                error=f"Background removal failed: {e}",
            )
    
        # \u2500\u2500 Step 2: Clean the mask \u2500\u2500\u2500\u2500\u2500\u2500\u2500\u2500\u2500\u2500\u2500\u2500\u2500\u2500\u2500\u2500\u2500\u2500\u2500\u2500\u2500\u2500\u2500\u2500\u2500\u2500\u2500\u2500\u2500\u2500\u2500\u2500\u2500\u2500\u2500\u2500
        raw_mask = rgba[:, :, 3]
        clean_mask = self._clean_mask(raw_mask)
    
        # Apply cleaned mask back to RGBA
>       rgba[:, :, 3] = clean_mask
E       ValueError: assignment destination is read-only

ml_ai\core\garment_normalizer.py:124: ValueError
=========================== short test summary info ===========================
FAILED tests/test_garment_normalizer.py::TestOutputDimensions::test_output_is_512x512
FAILED tests/test_garment_normalizer.py::TestOutputDimensions::test_custom_canvas_size
FAILED tests/test_garment_normalizer.py::TestMaskBinary::test_mask_is_binary
FAILED tests/test_garment_normalizer.py::TestMaskBinary::test_mask_has_foreground
FAILED tests/test_garment_normalizer.py::TestCentroidAlignment::test_centroid_near_center
FAILED tests/test_garment_normalizer.py::TestTransparentBackground::test_output_has_alpha_channel
FAILED tests/test_garment_normalizer.py::TestTransparentBackground::test_background_is_transparent
FAILED tests/test_garment_normalizer.py::TestMaskQuality::test_mask_quality_valid
FAILED tests/test_garment_normalizer.py::TestMaskQuality::test_mask_quality_reports_area
FAILED tests/test_garment_normalizer.py::TestMaskQuality::test_mask_quality_single_component
FAILED tests/test_garment_normalizer.py::TestMaskQuality::test_no_internal_holes
FAILED tests/test_garment_normalizer.py::TestFileSaving::test_normalize_and_save_creates_files
FAILED tests/test_garment_normalizer.py::TestFileSaving::test_saved_garment_is_512x512
FAILED tests/test_garment_normalizer.py::TestFileSaving::test_metadata_contains_normalization_info
FAILED tests/test_garment_normalizer.py::TestScaleTracking::test_scale_to_canvas_is_recorded
FAILED tests/test_garment_normalizer.py::TestScaleTracking::test_original_size_is_recorded
FAILED tests/test_garment_normalizer.py::TestEdgeCases::test_empty_image_fails_gracefully
FAILED tests/test_garment_normalizer.py::TestEdgeCases::test_tiny_image - Val...
============================= 18 failed in 58.93s =============================
